::1 - - [20/Jul/2026 20:47:40] "GET /index.html HTTP/1.1" 200 -
::1 - - [20/Jul/2026 20:48:08] "GET /index.html HTTP/1.1" 200 -
::1 - - [20/Jul/2026 20:48:08] "GET /data/manifest.json HTTP/1.1" 200 -
::1 - - [20/Jul/2026 20:48:08] "GET /data/macro.json HTTP/1.1" 200 -
::1 - - [20/Jul/2026 20:48:08] "GET /sw.js HTTP/1.1" 200 -
::1 - - [20/Jul/2026 20:48:08] "GET / HTTP/1.1" 200 -
::1 - - [20/Jul/2026 20:48:08] "GET /index.html HTTP/1.1" 200 -
::1 - - [20/Jul/2026 20:48:08] "GET /manifest.json HTTP/1.1" 200 -
::1 - - [20/Jul/2026 20:48:08] "GET /icon-192.png HTTP/1.1" 200 -
::1 - - [20/Jul/2026 20:48:08] "GET /icon-512.png HTTP/1.1" 200 -
::1 - - [20/Jul/2026 20:48:08] "GET /apple-touch-icon.png HTTP/1.1" 200 -
::1 - - [20/Jul/2026 20:48:38] "GET /data/kh/kh_%E4%B8%89%E6%B0%91%E5%8D%80_2026.json HTTP/1.1" 200 -
::1 - - [20/Jul/2026 20:48:38] "GET /data/kh/kh_%E4%B8%89%E6%B0%91%E5%8D%80_2025.json HTTP/1.1" 200 -
::1 - - [20/Jul/2026 20:50:19] "GET /data/kh/kh_%E4%B8%89%E6%B0%91%E5%8D%80_1921.json HTTP/1.1" 200 -
::1 - - [20/Jul/2026 20:50:19] "GET /data/kh/kh_%E4%B8%89%E6%B0%91%E5%8D%80_2016.json HTTP/1.1" 200 -
::1 - - [20/Jul/2026 20:50:19] "GET /data/kh/kh_%E4%B8%89%E6%B0%91%E5%8D%80_2017.json HTTP/1.1" 200 -
::1 - - [20/Jul/2026 20:50:19] "GET /data/kh/kh_%E4%B8%89%E6%B0%91%E5%8D%80_2018.json HTTP/1.1" 200 -
::1 - - [20/Jul/2026 20:50:19] "GET /data/kh/kh_%E4%B8%89%E6%B0%91%E5%8D%80_2019.json HTTP/1.1" 200 -
::1 - - [20/Jul/2026 20:50:19] "GET /data/kh/kh_%E4%B8%89%E6%B0%91%E5%8D%80_2020.json HTTP/1.1" 200 -
::1 - - [20/Jul/2026 20:50:19] "GET /data/kh/kh_%E4%B8%89%E6%B0%91%E5%8D%80_2021.json HTTP/1.1" 200 -
::1 - - [20/Jul/2026 20:50:19] "GET /data/kh/kh_%E4%B8%89%E6%B0%91%E5%8D%80_2022.json HTTP/1.1" 200 -
::1 - - [20/Jul/2026 20:50:19] "GET /data/kh/kh_%E4%B8%89%E6%B0%91%E5%8D%80_2024.json HTTP/1.1" 200 -
::1 - - [20/Jul/2026 20:50:19] "GET /data/kh/kh_%E4%B8%89%E6%B0%91%E5%8D%80_2023.json HTTP/1.1" 200 -
::1 - - [20/Jul/2026 20:50:19] "GET /data/kh/kh_%E4%B8%89%E6%B0%91%E5%8D%80_2025.json HTTP/1.1" 304 -
::1 - - [20/Jul/2026 20:50:19] "GET /data/kh/kh_%E4%B8%89%E6%B0%91%E5%8D%80_2026.json HTTP/1.1" 304 -
